
                                                                17-MAY-1985 21:50        VAX-11 Linker V04-00             Page    1

                                             +------------------------+
                                             ! Object Module Synopsis !
                                             +------------------------+
%LINK-W-NUDFSYMS, 7 undefined symbols:
%LINK-I-UDFSYM, 	AXIS 
%LINK-I-UDFSYM, 	LINE 
%LINK-I-UDFSYM, 	NUMBER 
%LINK-I-UDFSYM, 	PLOT 
%LINK-I-UDFSYM, 	PLOTS 
%LINK-I-UDFSYM, 	SCALE 
%LINK-I-UDFSYM, 	SYMBOL 

Module Name     Ident              Bytes      File                                Creation Date      Creator
-----------     -----              -----      -----                               -------------      -------
SQUONK          01                     40 [ELI0.ADB.CHEMFETS]CHEMFETS.OBJ;9    17-May-1985 21:43  VAX FORTRAN V4.1-70
DOSUMS          01                   2551 [ELI0.ADB.CHEMFETS]CHEMFETS.OBJ;9    17-May-1985 21:43  VAX FORTRAN V4.1-70
DOASUM          01                   3104 [ELI0.ADB.CHEMFETS]CHEMFETS.OBJ;9    17-May-1985 21:43  VAX FORTRAN V4.1-70
CLOSLP          01                  52366 [ELI0.ADB.CHEMFETS]CHEMFETS.OBJ;9    17-May-1985 21:43  VAX FORTRAN V4.1-70
CKACC           01                    171 [ELI0.ADB.CHEMFETS]CHEMFETS.OBJ;9    17-May-1985 21:43  VAX FORTRAN V4.1-70
ABSACC          01                     71 [ELI0.ADB.CHEMFETS]CHEMFETS.OBJ;9    17-May-1985 21:43  VAX FORTRAN V4.1-70
F               01                   1657 [ELI0.ADB.CHEMFETS]CHEMFETS.OBJ;9    17-May-1985 21:43  VAX FORTRAN V4.1-70
GETB            01                    396 [ELI0.ADB.CHEMFETS]CHEMFETS.OBJ;9    17-May-1985 21:43  VAX FORTRAN V4.1-70
GPSIL0          01                  26357 [ELI0.ADB.CHEMFETS]CHEMFETS.OBJ;9    17-May-1985 21:43  VAX FORTRAN V4.1-70
GPSIL1          01                  26488 [ELI0.ADB.CHEMFETS]CHEMFETS.OBJ;9    17-May-1985 21:43  VAX FORTRAN V4.1-70
S               01                     47 [ELI0.ADB.CHEMFETS]CHEMFETS.OBJ;9    17-May-1985 21:43  VAX FORTRAN V4.1-70
GETEP0          01                   1172 [ELI0.ADB.CHEMFETS]CHEMFETS.OBJ;9    17-May-1985 21:43  VAX FORTRAN V4.1-70
GETPHI          01                   2270 [ELI0.ADB.CHEMFETS]CHEMFETS.OBJ;9    17-May-1985 21:43  VAX FORTRAN V4.1-70
G               01                   1156 [ELI0.ADB.CHEMFETS]CHEMFETS.OBJ;9    17-May-1985 21:43  VAX FORTRAN V4.1-70
H               01                    336 [ELI0.ADB.CHEMFETS]CHEMFETS.OBJ;9    17-May-1985 21:43  VAX FORTRAN V4.1-70
ADBEXP          01                    107 [ELI0.ADB.CHEMFETS]CHEMFETS.OBJ;9    17-May-1985 21:43  VAX FORTRAN V4.1-70
GETVI           01                   1451 [ELI0.ADB.CHEMFETS]CHEMFETS.OBJ;9    17-May-1985 21:43  VAX FORTRAN V4.1-70
PROFIL          01                     24 [ELI0.ADB.CHEMFETS]CHEMFETS.OBJ;9    17-May-1985 21:43  VAX FORTRAN V4.1-70
GETEA           01                   1226 [ELI0.ADB.CHEMFETS]CHEMFETS.OBJ;9    17-May-1985 21:43  VAX FORTRAN V4.1-70
AQPROF          01                  26392 [ELI0.ADB.CHEMFETS]CHEMFETS.OBJ;9    17-May-1985 21:43  VAX FORTRAN V4.1-70
GVAQC8          01                    248 [ELI0.ADB.CHEMFETS]CHEMFETS.OBJ;9    17-May-1985 21:43  VAX FORTRAN V4.1-70
AQENER          01                   1120 [ELI0.ADB.CHEMFETS]CHEMFETS.OBJ;9    17-May-1985 21:43  VAX FORTRAN V4.1-70
UPDATE          01                   1701 [ELI0.ADB.CHEMFETS]CHEMFETS.OBJ;9    17-May-1985 21:43  VAX FORTRAN V4.1-70
UPDATE          01                   1963 [ELI0.ADB.CHEMFETS]CHEMFETS.OBJ;9    17-May-1985 21:43  VAX FORTRAN V4.1-70
%LINK-W-MULDEF, symbol UPDATE multiply defined
	in module UPDATE file DISK$USERDISK1:[ELI0.ADB.CHEMFETS]CHEMFETS.OBJ;9
SCAN            01                    454 [ELI0.ADB.CHEMFETS]CHEMFETS.OBJ;9    17-May-1985 21:43  VAX FORTRAN V4.1-70
SETPHY          01                    150 [ELI0.ADB.CHEMFETS]CHEMFETS.OBJ;9    17-May-1985 21:43  VAX FORTRAN V4.1-70
SETPAR          01                     80 [ELI0.ADB.CHEMFETS]CHEMFETS.OBJ;9    17-May-1985 21:43  VAX FORTRAN V4.1-70
GETLIM          01                   1723 [ELI0.ADB.CHEMFETS]CHEMFETS.OBJ;9    17-May-1985 21:43  VAX FORTRAN V4.1-70
SETUP           01                  76562 [ELI0.ADB.CHEMFETS]CHEMFETS.OBJ;9    17-May-1985 21:43  VAX FORTRAN V4.1-70
SETGRA          01                    546 [ELI0.ADB.CHEMFETS]CHEMFETS.OBJ;9    17-May-1985 21:43  VAX FORTRAN V4.1-70
%LINK-W-USEUNDEF, undefined symbol PLOTS referenced
	in psect $CODE offset %X0000000B
	in module SETGRA file DISK$USERDISK1:[ELI0.ADB.CHEMFETS]CHEMFETS.OBJ;9
%LINK-W-USEUNDEF, undefined symbol PLOT referenced
	in psect $CODE offset %X00000013
	in module SETGRA file DISK$USERDISK1:[ELI0.ADB.CHEMFETS]CHEMFETS.OBJ;9
GETX            01                    445 [ELI0.ADB.CHEMFETS]CHEMFETS.OBJ;9    17-May-1985 21:43  VAX FORTRAN V4.1-70
SETMTH          01                   2385 [ELI0.ADB.CHEMFETS]CHEMFETS.OBJ;9    17-May-1985 21:43  VAX FORTRAN V4.1-70
PANIC           01                  88370 [ELI0.ADB.CHEMFETS]CHEMFETS.OBJ;9    17-May-1985 21:43  VAX FORTRAN V4.1-70

                                                                17-MAY-1985 21:50        VAX-11 Linker V04-00             Page    2


Module Name     Ident              Bytes      File                                Creation Date      Creator
-----------     -----              -----      -----                               -------------      -------
CK              01                    229 [ELI0.ADB.CHEMFETS]CHEMFETS.OBJ;9    17-May-1985 21:43  VAX FORTRAN V4.1-70
ENERGY          01                   1353 [ELI0.ADB.CHEMFETS]CHEMFETS.OBJ;9    17-May-1985 21:43  VAX FORTRAN V4.1-70
RELOAD          01                    605 [ELI0.ADB.CHEMFETS]CHEMFETS.OBJ;9    17-May-1985 21:43  VAX FORTRAN V4.1-70
STORE           01                    351 [ELI0.ADB.CHEMFETS]CHEMFETS.OBJ;9    17-May-1985 21:43  VAX FORTRAN V4.1-70
OUTPUT          01                    100 [ELI0.ADB.CHEMFETS]CHEMFETS.OBJ;9    17-May-1985 21:43  VAX FORTRAN V4.1-70
%LINK-W-USEUNDEF, undefined symbol PLOT referenced
	in psect $CODE offset %X00000012
	in module OUTPUT file DISK$USERDISK1:[ELI0.ADB.CHEMFETS]CHEMFETS.OBJ;9
GLIM2           01                    205 [ELI0.ADB.CHEMFETS]CHEMFETS.OBJ;9    17-May-1985 21:43  VAX FORTRAN V4.1-70
OUTINT          01                   1888 [ELI0.ADB.CHEMFETS]CHEMFETS.OBJ;9    17-May-1985 21:43  VAX FORTRAN V4.1-70
%LINK-W-USEUNDEF, undefined symbol SCALE referenced
	in psect $CODE offset %X00000041
	in module OUTINT file DISK$USERDISK1:[ELI0.ADB.CHEMFETS]CHEMFETS.OBJ;9
%LINK-W-USEUNDEF, undefined symbol SCALE referenced
	in psect $CODE offset %X00000071
	in module OUTINT file DISK$USERDISK1:[ELI0.ADB.CHEMFETS]CHEMFETS.OBJ;9
%LINK-W-USEUNDEF, undefined symbol AXIS referenced
	in psect $CODE offset %X00000106
	in module OUTINT file DISK$USERDISK1:[ELI0.ADB.CHEMFETS]CHEMFETS.OBJ;9
%LINK-W-USEUNDEF, undefined symbol PLOT referenced
	in psect $CODE offset %X0000010F
	in module OUTINT file DISK$USERDISK1:[ELI0.ADB.CHEMFETS]CHEMFETS.OBJ;9
%LINK-W-USEUNDEF, undefined symbol PLOT referenced
	in psect $CODE offset %X00000118
	in module OUTINT file DISK$USERDISK1:[ELI0.ADB.CHEMFETS]CHEMFETS.OBJ;9
%LINK-W-USEUNDEF, undefined symbol AXIS referenced
	in psect $CODE offset %X0000012A
	in module OUTINT file DISK$USERDISK1:[ELI0.ADB.CHEMFETS]CHEMFETS.OBJ;9
%LINK-W-USEUNDEF, undefined symbol PLOT referenced
	in psect $CODE offset %X0000013A
	in module OUTINT file DISK$USERDISK1:[ELI0.ADB.CHEMFETS]CHEMFETS.OBJ;9
%LINK-W-USEUNDEF, undefined symbol PLOT referenced
	in psect $CODE offset %X00000143
	in module OUTINT file DISK$USERDISK1:[ELI0.ADB.CHEMFETS]CHEMFETS.OBJ;9
%LINK-W-USEUNDEF, undefined symbol LINE referenced
	in psect $CODE offset %X0000014C
	in module OUTINT file DISK$USERDISK1:[ELI0.ADB.CHEMFETS]CHEMFETS.OBJ;9
%LINK-W-USEUNDEF, undefined symbol LINE referenced
	in psect $CODE offset %X00000155
	in module OUTINT file DISK$USERDISK1:[ELI0.ADB.CHEMFETS]CHEMFETS.OBJ;9
%LINK-W-USEUNDEF, undefined symbol LINE referenced
	in psect $CODE offset %X0000018C
	in module OUTINT file DISK$USERDISK1:[ELI0.ADB.CHEMFETS]CHEMFETS.OBJ;9
%LINK-W-USEUNDEF, undefined symbol LINE referenced
	in psect $CODE offset %X000001B1
	in module OUTINT file DISK$USERDISK1:[ELI0.ADB.CHEMFETS]CHEMFETS.OBJ;9
%LINK-W-USEUNDEF, undefined symbol LINE referenced
	in psect $CODE offset %X000001E1
	in module OUTINT file DISK$USERDISK1:[ELI0.ADB.CHEMFETS]CHEMFETS.OBJ;9
%LINK-W-USEUNDEF, undefined symbol SYMBOL referenced
	in psect $CODE offset %X0000021C
	in module OUTINT file DISK$USERDISK1:[ELI0.ADB.CHEMFETS]CHEMFETS.OBJ;9

                                                                17-MAY-1985 21:50        VAX-11 Linker V04-00             Page    3


Module Name     Ident              Bytes      File                                Creation Date      Creator
-----------     -----              -----      -----                               -------------      -------
%LINK-W-USEUNDEF, undefined symbol SYMBOL referenced
	in psect $CODE offset %X0000023F
	in module OUTINT file DISK$USERDISK1:[ELI0.ADB.CHEMFETS]CHEMFETS.OBJ;9
%LINK-W-USEUNDEF, undefined symbol NUMBER referenced
	in psect $CODE offset %X00000288
	in module OUTINT file DISK$USERDISK1:[ELI0.ADB.CHEMFETS]CHEMFETS.OBJ;9
%LINK-W-USEUNDEF, undefined symbol NUMBER referenced
	in psect $CODE offset %X000002D0
	in module OUTINT file DISK$USERDISK1:[ELI0.ADB.CHEMFETS]CHEMFETS.OBJ;9
%LINK-W-USEUNDEF, undefined symbol PLOT referenced
	in psect $CODE offset %X000002E7
	in module OUTINT file DISK$USERDISK1:[ELI0.ADB.CHEMFETS]CHEMFETS.OBJ;9
%LINK-W-USEUNDEF, undefined symbol LINE referenced
	in psect $CODE offset %X00000324
	in module OUTINT file DISK$USERDISK1:[ELI0.ADB.CHEMFETS]CHEMFETS.OBJ;9
%LINK-W-USEUNDEF, undefined symbol PLOT referenced
	in psect $CODE offset %X00000340
	in module OUTINT file DISK$USERDISK1:[ELI0.ADB.CHEMFETS]CHEMFETS.OBJ;9
DRKEY           01                    866 [ELI0.ADB.CHEMFETS]CHEMFETS.OBJ;9    17-May-1985 21:43  VAX FORTRAN V4.1-70
%LINK-W-USEUNDEF, undefined symbol SYMBOL referenced
	in psect $CODE offset %X00000033
	in module DRKEY file DISK$USERDISK1:[ELI0.ADB.CHEMFETS]CHEMFETS.OBJ;9
%LINK-W-USEUNDEF, undefined symbol SYMBOL referenced
	in psect $CODE offset %X0000003C
	in module DRKEY file DISK$USERDISK1:[ELI0.ADB.CHEMFETS]CHEMFETS.OBJ;9
%LINK-W-USEUNDEF, undefined symbol SYMBOL referenced
	in psect $CODE offset %X00000045
	in module DRKEY file DISK$USERDISK1:[ELI0.ADB.CHEMFETS]CHEMFETS.OBJ;9
%LINK-W-USEUNDEF, undefined symbol SYMBOL referenced
	in psect $CODE offset %X0000004E
	in module DRKEY file DISK$USERDISK1:[ELI0.ADB.CHEMFETS]CHEMFETS.OBJ;9
%LINK-W-USEUNDEF, undefined symbol SYMBOL referenced
	in psect $CODE offset %X00000057
	in module DRKEY file DISK$USERDISK1:[ELI0.ADB.CHEMFETS]CHEMFETS.OBJ;9
%LINK-W-USEUNDEF, undefined symbol SYMBOL referenced
	in psect $CODE offset %X00000060
	in module DRKEY file DISK$USERDISK1:[ELI0.ADB.CHEMFETS]CHEMFETS.OBJ;9
%LINK-W-USEUNDEF, undefined symbol SYMBOL referenced
	in psect $CODE offset %X00000069
	in module DRKEY file DISK$USERDISK1:[ELI0.ADB.CHEMFETS]CHEMFETS.OBJ;9
%LINK-W-USEUNDEF, undefined symbol SYMBOL referenced
	in psect $CODE offset %X00000072
	in module DRKEY file DISK$USERDISK1:[ELI0.ADB.CHEMFETS]CHEMFETS.OBJ;9
%LINK-W-USEUNDEF, undefined symbol SYMBOL referenced
	in psect $CODE offset %X000000A5
	in module DRKEY file DISK$USERDISK1:[ELI0.ADB.CHEMFETS]CHEMFETS.OBJ;9
%LINK-W-USEUNDEF, undefined symbol SYMBOL referenced
	in psect $CODE offset %X000000AE
	in module DRKEY file DISK$USERDISK1:[ELI0.ADB.CHEMFETS]CHEMFETS.OBJ;9
%LINK-W-USEUNDEF, undefined symbol SYMBOL referenced
	in psect $CODE offset %X000000B7
	in module DRKEY file DISK$USERDISK1:[ELI0.ADB.CHEMFETS]CHEMFETS.OBJ;9

                                                                17-MAY-1985 21:50        VAX-11 Linker V04-00             Page    4


Module Name     Ident              Bytes      File                                Creation Date      Creator
-----------     -----              -----      -----                               -------------      -------
%LINK-W-USEUNDEF, undefined symbol SYMBOL referenced
	in psect $CODE offset %X000000C0
	in module DRKEY file DISK$USERDISK1:[ELI0.ADB.CHEMFETS]CHEMFETS.OBJ;9
%LINK-W-USEUNDEF, undefined symbol SYMBOL referenced
	in psect $CODE offset %X000000C9
	in module DRKEY file DISK$USERDISK1:[ELI0.ADB.CHEMFETS]CHEMFETS.OBJ;9
%LINK-W-USEUNDEF, undefined symbol SYMBOL referenced
	in psect $CODE offset %X000000D2
	in module DRKEY file DISK$USERDISK1:[ELI0.ADB.CHEMFETS]CHEMFETS.OBJ;9
%LINK-W-USEUNDEF, undefined symbol SYMBOL referenced
	in psect $CODE offset %X000000DB
	in module DRKEY file DISK$USERDISK1:[ELI0.ADB.CHEMFETS]CHEMFETS.OBJ;9
%LINK-W-USEUNDEF, undefined symbol SYMBOL referenced
	in psect $CODE offset %X000000E4
	in module DRKEY file DISK$USERDISK1:[ELI0.ADB.CHEMFETS]CHEMFETS.OBJ;9
EXCUR           01                    418 [ELI0.ADB.CHEMFETS]CHEMFETS.OBJ;9    17-May-1985 21:43  VAX FORTRAN V4.1-70
DRPHAS          01                  74685 [ELI0.ADB.CHEMFETS]CHEMFETS.OBJ;9    17-May-1985 21:43  VAX FORTRAN V4.1-70
OUTARR          01                   2732 [ELI0.ADB.CHEMFETS]CHEMFETS.OBJ;9    17-May-1985 21:43  VAX FORTRAN V4.1-70
%LINK-W-USEUNDEF, undefined symbol SCALE referenced
	in psect $CODE offset %X0000005A
	in module OUTARR file DISK$USERDISK1:[ELI0.ADB.CHEMFETS]CHEMFETS.OBJ;9
%LINK-W-USEUNDEF, undefined symbol AXIS referenced
	in psect $CODE offset %X0000008A
	in module OUTARR file DISK$USERDISK1:[ELI0.ADB.CHEMFETS]CHEMFETS.OBJ;9
%LINK-W-USEUNDEF, undefined symbol AXIS referenced
	in psect $CODE offset %X000000BD
	in module OUTARR file DISK$USERDISK1:[ELI0.ADB.CHEMFETS]CHEMFETS.OBJ;9
%LINK-W-USEUNDEF, undefined symbol SCALE referenced
	in psect $CODE offset %X00000113
	in module OUTARR file DISK$USERDISK1:[ELI0.ADB.CHEMFETS]CHEMFETS.OBJ;9
%LINK-W-USEUNDEF, undefined symbol AXIS referenced
	in psect $CODE offset %X00000125
	in module OUTARR file DISK$USERDISK1:[ELI0.ADB.CHEMFETS]CHEMFETS.OBJ;9
%LINK-W-USEUNDEF, undefined symbol AXIS referenced
	in psect $CODE offset %X00000131
	in module OUTARR file DISK$USERDISK1:[ELI0.ADB.CHEMFETS]CHEMFETS.OBJ;9
%LINK-W-USEUNDEF, undefined symbol PLOT referenced
	in psect $CODE offset %X0000017A
	in module OUTARR file DISK$USERDISK1:[ELI0.ADB.CHEMFETS]CHEMFETS.OBJ;9
DRPROF          01                   1832 [ELI0.ADB.CHEMFETS]CHEMFETS.OBJ;9    17-May-1985 21:43  VAX FORTRAN V4.1-70
%LINK-W-USEUNDEF, undefined symbol LINE referenced
	in psect $CODE offset %X00000066
	in module DRPROF file DISK$USERDISK1:[ELI0.ADB.CHEMFETS]CHEMFETS.OBJ;9
SLPROF          01                  26519 [ELI0.ADB.CHEMFETS]CHEMFETS.OBJ;9    17-May-1985 21:43  VAX FORTRAN V4.1-70
ESURF0          01                   1006 [ELI0.ADB.CHEMFETS]CHEMFETS.OBJ;9    17-May-1985 21:43  VAX FORTRAN V4.1-70
ESURF1          01                   1032 [ELI0.ADB.CHEMFETS]CHEMFETS.OBJ;9    17-May-1985 21:43  VAX FORTRAN V4.1-70
SIPROF          01                  26379 [ELI0.ADB.CHEMFETS]CHEMFETS.OBJ;9    17-May-1985 21:43  VAX FORTRAN V4.1-70
CKPLOT          01                  51743 [ELI0.ADB.CHEMFETS]CHEMFETS.OBJ;9    17-May-1985 21:43  VAX FORTRAN V4.1-70
SLEN1           01                   1293 [ELI0.ADB.CHEMFETS]CHEMFETS.OBJ;9    17-May-1985 21:43  VAX FORTRAN V4.1-70
SLEN0           01                   1749 [ELI0.ADB.CHEMFETS]CHEMFETS.OBJ;9    17-May-1985 21:43  VAX FORTRAN V4.1-70
SINGUL          01                    197 [ELI0.ADB.CHEMFETS]CHEMFETS.OBJ;9    17-May-1985 21:43  VAX FORTRAN V4.1-70
SIENER          01                    234 [ELI0.ADB.CHEMFETS]CHEMFETS.OBJ;9    17-May-1985 21:43  VAX FORTRAN V4.1-70

                                                                17-MAY-1985 21:50        VAX-11 Linker V04-00             Page    5


Module Name     Ident              Bytes      File                                Creation Date      Creator
-----------     -----              -----      -----                               -------------      -------
SELECT          01                   1651 [ELI0.ADB.CHEMFETS]CHEMFETS.OBJ;9    17-May-1985 21:43  VAX FORTRAN V4.1-70
SETDCS          01                    853 [ELI0.ADB.CHEMFETS]CHEMFETS.OBJ;9    17-May-1985 21:43  VAX FORTRAN V4.1-70
SETBTA          01                    860 [ELI0.ADB.CHEMFETS]CHEMFETS.OBJ;9    17-May-1985 21:43  VAX FORTRAN V4.1-70
SETNA           01                    860 [ELI0.ADB.CHEMFETS]CHEMFETS.OBJ;9    17-May-1985 21:43  VAX FORTRAN V4.1-70
SETND           01                    853 [ELI0.ADB.CHEMFETS]CHEMFETS.OBJ;9    17-May-1985 21:43  VAX FORTRAN V4.1-70
SETC0           01                    998 [ELI0.ADB.CHEMFETS]CHEMFETS.OBJ;9    17-May-1985 21:43  VAX FORTRAN V4.1-70
SETALO          01                    860 [ELI0.ADB.CHEMFETS]CHEMFETS.OBJ;9    17-May-1985 21:43  VAX FORTRAN V4.1-70
SETSIO          01                    860 [ELI0.ADB.CHEMFETS]CHEMFETS.OBJ;9    17-May-1985 21:43  VAX FORTRAN V4.1-70
SETD            01                   1084 [ELI0.ADB.CHEMFETS]CHEMFETS.OBJ;9    17-May-1985 21:43  VAX FORTRAN V4.1-70
SETVB           01                   1014 [ELI0.ADB.CHEMFETS]CHEMFETS.OBJ;9    17-May-1985 21:43  VAX FORTRAN V4.1-70
SETCM0          01                   1303 [ELI0.ADB.CHEMFETS]CHEMFETS.OBJ;9    17-May-1985 21:43  VAX FORTRAN V4.1-70
DASHP           01                     47 [ELI0.ADB.CHEMFETS]DASHP.OBJ;3       17-May-1985 12:05  VAX FORTRAN V4.1-70
%LINK-W-USEUNDEF, undefined symbol PLOT referenced
	in psect $CODE offset %X00000015
	in module DASHP file DISK$USERDISK1:[ELI0.ADB.CHEMFETS]DASHP.OBJ;3
FOR$INIUND      1-001                  34 SYS$COMMON:[SYSLIB]STARLET.OLB;2     16-Sep-1984 00:26  VAX-11 Bliss-32 V4.0-742
FOR$UNDERF      1-003                 227 SYS$COMMON:[SYSLIB]STARLET.OLB;2     16-Sep-1984 00:56  VAX-11 Bliss-32 V4.0-742
LIB$INITIALIZE  1-004                 110 SYS$COMMON:[SYSLIB]STARLET.OLB;2     16-SEP-1984 00:11  VAX/VMS Macro V04-00
LIB$SIM_TRAP    1-003                1990 SYS$COMMON:[SYSLIB]STARLET.OLB;2     16-SEP-1984 00:18  VAX/VMS Macro V04-00
SYS$P1_VECTOR   V04-000                 0 SYS$COMMON:[SYSLIB]STARLET.OLB;2     16-SEP-1984 00:40  VAX/VMS Macro V04-00
FORRTL          V04-000                 0 SYS$COMMON:[SYSLIB]FORRTL.EXE;2      16-SEP-1984 04:07  VAX-11 Linker V04-00
LIBRTL          V04-000                 0 SYS$COMMON:[SYSLIB]LIBRTL.EXE;2      16-SEP-1984 04:00  VAX-11 Linker V04-00
MTHRTL          V04-000                 0 SYS$COMMON:[SYSLIB]MTHRTL.EXE;1      16-SEP-1984 04:04  VAX-11 Linker V04-00

DISK$USERDISK1:[ELI0.ADB.CHEMFETS]CHEMFETS.EXE;8                17-MAY-1985 21:50        VAX-11 Linker V04-00             Page    6

                                             +------------------------+
                                             ! Image Section Synopsis !
                                             +------------------------+

   Cluster      Type Pages   Base Addr  Disk VBN PFC Protection and Paging      Global Sec. Name   Match     Majorid   Minorid
   -------      ---- -----   ---------  -------- --- ---------------------      ----------------   -----     -------   -------

DEFAULT_CLUSTER    0     9    00000200          2   0 READ ONLY    
                   0    14    00001400         11   0 READ WRITE   COPY ON REF
                   0   149    00003000          0   0 READ WRITE DEMAND ZERO  
                   0     6    00015A00         25   0 READ WRITE   COPY ON REF
                   0    41    00016600         31   0 READ ONLY    
                   0     1    0001B800         72   0 READ WRITE   FIXUP VECTORS
                 253    20    7FFFD800          0   0 READ WRITE DEMAND ZERO  

FORRTL             3    63    00000000-R        0   0 READ ONLY                  FORRTL_001       LESS/EQUAL        1       100
                   4     2    00007E00-R        0   0 READ WRITE   COPY ON REF   FORRTL_002       LESS/EQUAL        1       100
                   2     1    00008200-R        0   0 READ WRITE   FIXUP VECTORS FORRTL_003       LESS/EQUAL        1       100
                   3     1    00008400-R        0   0 READ ONLY                  FORRTL_004       LESS/EQUAL        1       100

LIBRTL             3   111    00000000-R        0   0 READ ONLY                  LIBRTL_001       LESS/EQUAL        1        11
                   4     1    0000DE00-R        0   0 READ WRITE DEMAND ZERO     LIBRTL_002       LESS/EQUAL        1        11
                   3     1    0000E000-R        0   0 READ ONLY                  LIBRTL_003       LESS/EQUAL        1        11

MTHRTL             3   115    00000000-R        0   0 READ ONLY                  MTHRTL_001       LESS/EQUAL      129     32778
                   2     1    0000E600-R        0   0 READ WRITE   FIXUP VECTORS MTHRTL_002       LESS/EQUAL      129     32778



	  Key for special characters above:
		+------------------+
		! R  - Relocatable !
		! P  - Protected   !
		+------------------+

DISK$USERDISK1:[ELI0.ADB.CHEMFETS]CHEMFETS.EXE;8                17-MAY-1985 21:50        VAX-11 Linker V04-00             Page    7

                                            +--------------------------+
                                            ! Program Section Synopsis !
                                            +--------------------------+

Psect Name      Module Name       Base     End           Length            Align                 Attributes
----------      -----------       ----     ---           ------            -----                 ----------

$PDATA                          00000200 00001217 00001018 (       4120.) LONG 2   PIC,USR,CON,REL,LCL,  SHR,NOEXE,  RD,NOWRT,NOVEC
                SQUONK          00000200 00000200 00000000 (          0.) LONG 2
                DOSUMS          00000200 00000200 00000000 (          0.) LONG 2
                DOASUM          00000200 0000027C 0000007D (        125.) LONG 2
                CLOSLP          00000280 000002ED 0000006E (        110.) LONG 2
                CKACC           000002F0 000002F0 00000000 (          0.) LONG 2
                ABSACC          000002F0 000002F0 00000000 (          0.) LONG 2
                F               000002F0 0000035D 0000006E (        110.) LONG 2
                GETB            00000360 0000037C 0000001D (         29.) LONG 2
                GPSIL0          00000380 000003C8 00000049 (         73.) LONG 2
                GPSIL1          000003CC 00000409 0000003E (         62.) LONG 2
                S               0000040C 0000040C 00000000 (          0.) LONG 2
                GETEP0          0000040C 00000421 00000016 (         22.) LONG 2
                GETPHI          00000424 000004AF 0000008C (        140.) LONG 2
                G               000004B0 000004C5 00000016 (         22.) LONG 2
                H               000004C8 000004F7 00000030 (         48.) LONG 2
                ADBEXP          000004F8 000004FB 00000004 (          4.) LONG 2
                GETVI           000004FC 00000544 00000049 (         73.) LONG 2
                PROFIL          00000548 00000548 00000000 (          0.) LONG 2
                GETEA           00000548 00000564 0000001D (         29.) LONG 2
                AQPROF          00000568 00000568 00000000 (          0.) LONG 2
                GVAQC8          00000568 00000568 00000000 (          0.) LONG 2
                AQENER          00000568 00000568 00000000 (          0.) LONG 2
                UPDATE          00000568 0000056B 00000004 (          4.) LONG 2
                UPDATE          0000056C 000005A3 00000038 (         56.) LONG 2
                SCAN            000005A4 000005F6 00000053 (         83.) LONG 2
                SETPHY          000005F8 000005F8 00000000 (          0.) LONG 2
                SETPAR          000005F8 000005F8 00000000 (          0.) LONG 2
                GETLIM          000005F8 000005F8 00000000 (          0.) LONG 2
                SETUP           000005F8 00000608 00000011 (         17.) LONG 2
                SETGRA          0000060C 0000061B 00000010 (         16.) LONG 2
                GETX            0000061C 0000061C 00000000 (          0.) LONG 2
                SETMTH          0000061C 00000623 00000008 (          8.) LONG 2
                PANIC           00000624 00001092 00000A6F (       2671.) LONG 2
                CK              00001094 000010C5 00000032 (         50.) LONG 2
                ENERGY          000010C8 00001105 0000003E (         62.) LONG 2
                RELOAD          00001108 00001108 00000000 (          0.) LONG 2
                STORE           00001108 00001108 00000000 (          0.) LONG 2
                OUTPUT          00001108 0000111D 00000016 (         22.) LONG 2
                GLIM2           00001120 00001120 00000000 (          0.) LONG 2
                OUTINT          00001120 0000114F 00000030 (         48.) LONG 2
                DRKEY           00001150 00001167 00000018 (         24.) LONG 2
                EXCUR           00001168 00001168 00000000 (          0.) LONG 2
                DRPHAS          00001168 0000117F 00000018 (         24.) LONG 2
                OUTARR          00001180 00001193 00000014 (         20.) LONG 2
                DRPROF          00001194 0000119B 00000008 (          8.) LONG 2
                SLPROF          0000119C 0000119F 00000004 (          4.) LONG 2
                ESURF0          000011A0 000011A0 00000000 (          0.) LONG 2

DISK$USERDISK1:[ELI0.ADB.CHEMFETS]CHEMFETS.EXE;8                17-MAY-1985 21:50        VAX-11 Linker V04-00             Page    8


Psect Name      Module Name       Base     End           Length            Align                 Attributes
----------      -----------       ----     ---           ------            -----                 ----------
$PDATA                          00000200 00001217 00001018 (       4120.) LONG 2   PIC,USR,CON,REL,LCL,  SHR,NOEXE,  RD,NOWRT,NOVEC 
                ESURF1          000011A0 000011A0 00000000 (          0.) LONG 2
                SIPROF          000011A0 000011A0 00000000 (          0.) LONG 2
                CKPLOT          000011A0 000011BE 0000001F (         31.) LONG 2
                SLEN1           000011C0 000011C3 00000004 (          4.) LONG 2
                SLEN0           000011C4 00001210 0000004D (         77.) LONG 2
                SINGUL          00001214 00001214 00000000 (          0.) LONG 2
                SIENER          00001214 00001214 00000000 (          0.) LONG 2
                SELECT          00001214 00001214 00000000 (          0.) LONG 2
                SETDCS          00001214 00001214 00000000 (          0.) LONG 2
                SETBTA          00001214 00001214 00000000 (          0.) LONG 2
                SETNA           00001214 00001214 00000000 (          0.) LONG 2
                SETND           00001214 00001214 00000000 (          0.) LONG 2
                SETC0           00001214 00001214 00000000 (          0.) LONG 2
                SETALO          00001214 00001214 00000000 (          0.) LONG 2
                SETSIO          00001214 00001214 00000000 (          0.) LONG 2
                SETD            00001214 00001214 00000000 (          0.) LONG 2
                SETVB           00001214 00001214 00000000 (          0.) LONG 2
                SETCM0          00001214 00001214 00000000 (          0.) LONG 2
                DASHP           00001214 00001217 00000004 (          4.) LONG 2

LIB$INITIALIZDZ                 00001218 00001218 00000000 (          0.) LONG 2 NOPIC,USR,CON,REL,GBL,NOSHR,NOEXE,  RD,NOWRT,NOVEC
                LIB$INITIALIZE  00001218 00001218 00000000 (          0.) LONG 2

LIB$INITIALIZD_                 00001218 0000121B 00000004 (          4.) LONG 2 NOPIC,USR,CON,REL,GBL,NOSHR,NOEXE,  RD,NOWRT,NOVEC
                FOR$INIUND      00001218 0000121B 00000004 (          4.) LONG 2
                LIB$INITIALIZE  0000121C 0000121C 00000000 (          0.) LONG 2

LIB$INITIALIZE                  0000121C 0000121C 00000000 (          0.) LONG 2 NOPIC,USR,CON,REL,GBL,NOSHR,NOEXE,  RD,NOWRT,NOVEC
                LIB$INITIALIZE  0000121C 0000121C 00000000 (          0.) LONG 2

LIB$INITIALIZE$                 0000121C 0000121F 00000004 (          4.) LONG 2 NOPIC,USR,CON,REL,GBL,NOSHR,NOEXE,  RD,NOWRT,NOVEC
                LIB$INITIALIZE  0000121C 0000121F 00000004 (          4.) LONG 2

$LOCAL                          00001400 00002A83 00001684 (       5764.) QUAD 3   PIC,USR,CON,REL,LCL,NOSHR,NOEXE,  RD,  WRT,NOVEC
                SQUONK          00001400 00001400 00000000 (          0.) LONG 2
                DOSUMS          00001400 00001403 00000004 (          4.) LONG 2
                DOASUM          00001408 00001453 0000004C (         76.) QUAD 3
                CLOSLP          00001458 000015DF 00000188 (        392.) QUAD 3
                CKACC           000015E0 00001603 00000024 (         36.) QUAD 3
                ABSACC          00001604 00001607 00000004 (          4.) LONG 2
                F               00001608 00001737 00000130 (        304.) QUAD 3
                GETB            00001738 0000177F 00000048 (         72.) QUAD 3
                GPSIL0          00001780 00001857 000000D8 (        216.) QUAD 3
                GPSIL1          00001858 0000191B 000000C4 (        196.) QUAD 3
                S               00001920 00001927 00000008 (          8.) QUAD 3
                GETEP0          00001928 00001953 0000002C (         44.) LONG 2
                GETPHI          00001958 00001B2B 000001D4 (        468.) QUAD 3
                G               00001B30 00001B83 00000054 (         84.) QUAD 3
                H               00001B88 00001C27 000000A0 (        160.) QUAD 3
                ADBEXP          00001C28 00001C37 00000010 (         16.) QUAD 3
                GETVI           00001C38 00001CE7 000000B0 (        176.) LONG 2

DISK$USERDISK1:[ELI0.ADB.CHEMFETS]CHEMFETS.EXE;8                17-MAY-1985 21:50        VAX-11 Linker V04-00             Page    9


Psect Name      Module Name       Base     End           Length            Align                 Attributes
----------      -----------       ----     ---           ------            -----                 ----------
$LOCAL                          00001400 00002A83 00001684 (       5764.) QUAD 3   PIC,USR,CON,REL,LCL,NOSHR,NOEXE,  RD,  WRT,NOVEC 
                PROFIL          00001CE8 00001CE8 00000000 (          0.) LONG 2
                GETEA           00001CE8 00001D2F 00000048 (         72.) LONG 2
                AQPROF          00001D30 00001D5F 00000030 (         48.) QUAD 3
                GVAQC8          00001D60 00001D77 00000018 (         24.) QUAD 3
                AQENER          00001D78 00001D87 00000010 (         16.) QUAD 3
                UPDATE          00001D88 00001D8F 00000008 (          8.) LONG 2
                UPDATE          00001D90 00001DBB 0000002C (         44.) QUAD 3
                SCAN            00001DC0 00001E13 00000054 (         84.) QUAD 3
                SETPHY          00001E14 00001E14 00000000 (          0.) LONG 2
                SETPAR          00001E14 00001E14 00000000 (          0.) LONG 2
                GETLIM          00001E14 00001E14 00000000 (          0.) LONG 2
                SETUP           00001E14 00001E14 00000000 (          0.) LONG 2
                SETGRA          00001E14 00001E33 00000020 (         32.) LONG 2
                GETX            00001E38 00001E3F 00000008 (          8.) QUAD 3
                SETMTH          00001E40 00001E5B 0000001C (         28.) LONG 2
                PANIC           00001E60 00001E7F 00000020 (         32.) QUAD 3
                CK              00001E80 00001E8F 00000010 (         16.) LONG 2
                ENERGY          00001E90 00001F33 000000A4 (        164.) QUAD 3
                RELOAD          00001F34 00001F34 00000000 (          0.) LONG 2
                STORE           00001F34 00001F34 00000000 (          0.) LONG 2
                OUTPUT          00001F34 00001F4B 00000018 (         24.) LONG 2
                GLIM2           00001F4C 00001F6B 00000020 (         32.) LONG 2
                OUTINT          00001F70 0000227F 00000310 (        784.) QUAD 3
                DRKEY           00002280 000024DF 00000260 (        608.) QUAD 3
                EXCUR           000024E0 000024E3 00000004 (          4.) LONG 2
                DRPHAS          000024E4 00002573 00000090 (        144.) LONG 2
                OUTARR          00002578 0000281F 000002A8 (        680.) QUAD 3
                DRPROF          00002820 00002873 00000054 (         84.) LONG 2
                SLPROF          00002878 0000289B 00000024 (         36.) QUAD 3
                ESURF0          000028A0 000028A7 00000008 (          8.) QUAD 3
                ESURF1          000028A8 000028B7 00000010 (         16.) QUAD 3
                SIPROF          000028B8 000028C7 00000010 (         16.) QUAD 3
                CKPLOT          000028C8 00002937 00000070 (        112.) QUAD 3
                SLEN1           00002938 0000293F 00000008 (          8.) LONG 2
                SLEN0           00002940 00002A3F 00000100 (        256.) QUAD 3
                SINGUL          00002A40 00002A73 00000034 (         52.) QUAD 3
                SIENER          00002A74 00002A74 00000000 (          0.) LONG 2
                SELECT          00002A74 00002A74 00000000 (          0.) LONG 2
                SETDCS          00002A74 00002A74 00000000 (          0.) LONG 2
                SETBTA          00002A74 00002A74 00000000 (          0.) LONG 2
                SETNA           00002A74 00002A74 00000000 (          0.) LONG 2
                SETND           00002A74 00002A74 00000000 (          0.) LONG 2
                SETC0           00002A74 00002A74 00000000 (          0.) LONG 2
                SETALO          00002A74 00002A74 00000000 (          0.) LONG 2
                SETSIO          00002A74 00002A74 00000000 (          0.) LONG 2
                SETD            00002A74 00002A74 00000000 (          0.) LONG 2
                SETVB           00002A74 00002A74 00000000 (          0.) LONG 2
                SETCM0          00002A74 00002A74 00000000 (          0.) LONG 2
                DASHP           00002A74 00002A83 00000010 (         16.) LONG 2

CB01                            00002A84 00002DA3 00000320 (        800.) LONG 2   PIC,USR,OVR,REL,GBL,  SHR,NOEXE,  RD,  WRT,NOVEC

DISK$USERDISK1:[ELI0.ADB.CHEMFETS]CHEMFETS.EXE;8                17-MAY-1985 21:50        VAX-11 Linker V04-00             Page   10


Psect Name      Module Name       Base     End           Length            Align                 Attributes
----------      -----------       ----     ---           ------            -----                 ----------
CB01                            00002A84 00002DA3 00000320 (        800.) LONG 2   PIC,USR,OVR,REL,GBL,  SHR,NOEXE,  RD,  WRT,NOVEC 
                DOSUMS          00002A84 00002DA3 00000320 (        800.) LONG 2
                DOASUM          00002A84 00002DA3 00000320 (        800.) LONG 2
                F               00002A84 00002DA3 00000320 (        800.) LONG 2
                GPSIL0          00002A84 00002DA3 00000320 (        800.) LONG 2
                GPSIL1          00002A84 00002DA3 00000320 (        800.) LONG 2
                GETEP0          00002A84 00002DA3 00000320 (        800.) LONG 2
                GETPHI          00002A84 00002DA3 00000320 (        800.) LONG 2
                G               00002A84 00002DA3 00000320 (        800.) LONG 2
                GETVI           00002A84 00002DA3 00000320 (        800.) LONG 2
                GETEA           00002A84 00002DA3 00000320 (        800.) LONG 2
                AQPROF          00002A84 00002DA3 00000320 (        800.) LONG 2
                AQENER          00002A84 00002DA3 00000320 (        800.) LONG 2
                GETLIM          00002A84 00002DA3 00000320 (        800.) LONG 2
                SETMTH          00002A84 00002DA3 00000320 (        800.) LONG 2
                PANIC           00002A84 00002DA3 00000320 (        800.) LONG 2
                ENERGY          00002A84 00002DA3 00000320 (        800.) LONG 2
                SLPROF          00002A84 00002DA3 00000320 (        800.) LONG 2
                ESURF0          00002A84 00002DA3 00000320 (        800.) LONG 2
                ESURF1          00002A84 00002DA3 00000320 (        800.) LONG 2
                SIPROF          00002A84 00002DA3 00000320 (        800.) LONG 2
                SLEN1           00002A84 00002DA3 00000320 (        800.) LONG 2
                SLEN0           00002A84 00002DA3 00000320 (        800.) LONG 2
                SETDCS          00002A84 00002DA3 00000320 (        800.) LONG 2
                SETBTA          00002A84 00002DA3 00000320 (        800.) LONG 2
                SETNA           00002A84 00002DA3 00000320 (        800.) LONG 2
                SETND           00002A84 00002DA3 00000320 (        800.) LONG 2
                SETC0           00002A84 00002DA3 00000320 (        800.) LONG 2
                SETALO          00002A84 00002DA3 00000320 (        800.) LONG 2
                SETSIO          00002A84 00002DA3 00000320 (        800.) LONG 2
                SETD            00002A84 00002DA3 00000320 (        800.) LONG 2
                SETVB           00002A84 00002DA3 00000320 (        800.) LONG 2
                SETCM0          00002A84 00002DA3 00000320 (        800.) LONG 2

CB02                            00002DA4 00002DDB 00000038 (         56.) LONG 2   PIC,USR,OVR,REL,GBL,  SHR,NOEXE,  RD,  WRT,NOVEC
                GETPHI          00002DA4 00002DDB 00000038 (         56.) LONG 2
                GETVI           00002DA4 00002DDB 00000038 (         56.) LONG 2
                AQPROF          00002DA4 00002DDB 00000038 (         56.) LONG 2
                SETPHY          00002DA4 00002DDB 00000038 (         56.) LONG 2
                SETMTH          00002DA4 00002DDB 00000038 (         56.) LONG 2
                PANIC           00002DA4 00002DDB 00000038 (         56.) LONG 2
                SLPROF          00002DA4 00002DDB 00000038 (         56.) LONG 2
                SIPROF          00002DA4 00002DDB 00000038 (         56.) LONG 2
                SLEN1           00002DA4 00002DDB 00000038 (         56.) LONG 2
                SLEN0           00002DA4 00002DDB 00000038 (         56.) LONG 2
                SIENER          00002DA4 00002DDB 00000038 (         56.) LONG 2

CB03                            00002DDC 00002F57 0000017C (        380.) LONG 2   PIC,USR,OVR,REL,GBL,  SHR,NOEXE,  RD,  WRT,NOVEC
                SETGRA          00002DDC 00002F57 0000017C (        380.) LONG 2
                GETX            00002DDC 00002F57 0000017C (        380.) LONG 2
                PANIC           00002DDC 00002F57 0000017C (        380.) LONG 2


DISK$USERDISK1:[ELI0.ADB.CHEMFETS]CHEMFETS.EXE;8                17-MAY-1985 21:50        VAX-11 Linker V04-00             Page   11


Psect Name      Module Name       Base     End           Length            Align                 Attributes
----------      -----------       ----     ---           ------            -----                 ----------
CB04                            00002F58 00002F6B 00000014 (         20.) LONG 2   PIC,USR,OVR,REL,GBL,  SHR,NOEXE,  RD,  WRT,NOVEC
                CLOSLP          00002F58 00002F6B 00000014 (         20.) LONG 2
                F               00002F58 00002F6B 00000014 (         20.) LONG 2
                GETB            00002F58 00002F6B 00000014 (         20.) LONG 2
                GETEP0          00002F58 00002F6B 00000014 (         20.) LONG 2
                GETPHI          00002F58 00002F6B 00000014 (         20.) LONG 2
                SETUP           00002F58 00002F6B 00000014 (         20.) LONG 2
                PANIC           00002F58 00002F6B 00000014 (         20.) LONG 2
                ENERGY          00002F58 00002F6B 00000014 (         20.) LONG 2
                RELOAD          00002F58 00002F6B 00000014 (         20.) LONG 2
                STORE           00002F58 00002F6B 00000014 (         20.) LONG 2
                SLPROF          00002F58 00002F6B 00000014 (         20.) LONG 2

CB05                            00002F6C 00002F7B 00000010 (         16.) LONG 2   PIC,USR,OVR,REL,GBL,  SHR,NOEXE,  RD,  WRT,NOVEC
                DOSUMS          00002F6C 00002F7B 00000010 (         16.) LONG 2
                DOASUM          00002F6C 00002F7B 00000010 (         16.) LONG 2
                F               00002F6C 00002F7B 00000010 (         16.) LONG 2
                GPSIL0          00002F6C 00002F7B 00000010 (         16.) LONG 2
                GPSIL1          00002F6C 00002F7B 00000010 (         16.) LONG 2
                GETEP0          00002F6C 00002F7B 00000010 (         16.) LONG 2
                GETPHI          00002F6C 00002F7B 00000010 (         16.) LONG 2
                G               00002F6C 00002F7B 00000010 (         16.) LONG 2
                GETVI           00002F6C 00002F7B 00000010 (         16.) LONG 2
                GETEA           00002F6C 00002F7B 00000010 (         16.) LONG 2
                AQPROF          00002F6C 00002F7B 00000010 (         16.) LONG 2
                AQENER          00002F6C 00002F7B 00000010 (         16.) LONG 2
                UPDATE          00002F6C 00002F7B 00000010 (         16.) LONG 2
                SCAN            00002F6C 00002F7B 00000010 (         16.) LONG 2
                GETLIM          00002F6C 00002F7B 00000010 (         16.) LONG 2
                SETUP           00002F6C 00002F7B 00000010 (         16.) LONG 2
                SETMTH          00002F6C 00002F7B 00000010 (         16.) LONG 2
                PANIC           00002F6C 00002F7B 00000010 (         16.) LONG 2
                ENERGY          00002F6C 00002F7B 00000010 (         16.) LONG 2
                RELOAD          00002F6C 00002F7B 00000010 (         16.) LONG 2
                GLIM2           00002F6C 00002F7B 00000010 (         16.) LONG 2
                OUTINT          00002F6C 00002F7B 00000010 (         16.) LONG 2
                EXCUR           00002F6C 00002F7B 00000010 (         16.) LONG 2
                DRPHAS          00002F6C 00002F7B 00000010 (         16.) LONG 2
                OUTARR          00002F6C 00002F7B 00000010 (         16.) LONG 2
                SLPROF          00002F6C 00002F7B 00000010 (         16.) LONG 2
                ESURF0          00002F6C 00002F7B 00000010 (         16.) LONG 2
                ESURF1          00002F6C 00002F7B 00000010 (         16.) LONG 2
                SIPROF          00002F6C 00002F7B 00000010 (         16.) LONG 2
                CKPLOT          00002F6C 00002F7B 00000010 (         16.) LONG 2
                SLEN1           00002F6C 00002F7B 00000010 (         16.) LONG 2
                SLEN0           00002F6C 00002F7B 00000010 (         16.) LONG 2
                SETDCS          00002F6C 00002F7B 00000010 (         16.) LONG 2
                SETBTA          00002F6C 00002F7B 00000010 (         16.) LONG 2
                SETNA           00002F6C 00002F7B 00000010 (         16.) LONG 2
                SETND           00002F6C 00002F7B 00000010 (         16.) LONG 2
                SETC0           00002F6C 00002F7B 00000010 (         16.) LONG 2
                SETALO          00002F6C 00002F7B 00000010 (         16.) LONG 2

DISK$USERDISK1:[ELI0.ADB.CHEMFETS]CHEMFETS.EXE;8                17-MAY-1985 21:50        VAX-11 Linker V04-00             Page   12


Psect Name      Module Name       Base     End           Length            Align                 Attributes
----------      -----------       ----     ---           ------            -----                 ----------
CB05                            00002F6C 00002F7B 00000010 (         16.) LONG 2   PIC,USR,OVR,REL,GBL,  SHR,NOEXE,  RD,  WRT,NOVEC 
                SETSIO          00002F6C 00002F7B 00000010 (         16.) LONG 2
                SETD            00002F6C 00002F7B 00000010 (         16.) LONG 2
                SETVB           00002F6C 00002F7B 00000010 (         16.) LONG 2
                SETCM0          00002F6C 00002F7B 00000010 (         16.) LONG 2

CB06                            00002F7C 00002FD3 00000058 (         88.) LONG 2   PIC,USR,OVR,REL,GBL,  SHR,NOEXE,  RD,  WRT,NOVEC
                DOASUM          00002F7C 00002FD3 00000058 (         88.) LONG 2
                CLOSLP          00002F7C 00002FD3 00000058 (         88.) LONG 2
                GETB            00002F7C 00002FD3 00000058 (         88.) LONG 2
                GETEP0          00002F7C 00002FD3 00000058 (         88.) LONG 2
                GETPHI          00002F7C 00002FD3 00000058 (         88.) LONG 2
                G               00002F7C 00002FD3 00000058 (         88.) LONG 2
                GETEA           00002F7C 00002FD3 00000058 (         88.) LONG 2
                AQPROF          00002F7C 00002FD3 00000058 (         88.) LONG 2
                SETUP           00002F7C 00002FD3 00000058 (         88.) LONG 2
                SETMTH          00002F7C 00002FD3 00000058 (         88.) LONG 2
                PANIC           00002F7C 00002FD3 00000058 (         88.) LONG 2
                SLPROF          00002F7C 00002FD3 00000058 (         88.) LONG 2
                SIPROF          00002F7C 00002FD3 00000058 (         88.) LONG 2
                CKPLOT          00002F7C 00002FD3 00000058 (         88.) LONG 2

CB07                            00002FD4 0000300B 00000038 (         56.) LONG 2   PIC,USR,OVR,REL,GBL,  SHR,NOEXE,  RD,  WRT,NOVEC
                DOSUMS          00002FD4 0000300B 00000038 (         56.) LONG 2
                CLOSLP          00002FD4 0000300B 00000038 (         56.) LONG 2
                F               00002FD4 0000300B 00000038 (         56.) LONG 2
                GPSIL0          00002FD4 0000300B 00000038 (         56.) LONG 2
                GPSIL1          00002FD4 0000300B 00000038 (         56.) LONG 2
                GETEP0          00002FD4 0000300B 00000038 (         56.) LONG 2
                GETPHI          00002FD4 0000300B 00000038 (         56.) LONG 2
                GETVI           00002FD4 0000300B 00000038 (         56.) LONG 2
                GETEA           00002FD4 0000300B 00000038 (         56.) LONG 2
                AQPROF          00002FD4 0000300B 00000038 (         56.) LONG 2
                AQENER          00002FD4 0000300B 00000038 (         56.) LONG 2
                PANIC           00002FD4 0000300B 00000038 (         56.) LONG 2
                RELOAD          00002FD4 0000300B 00000038 (         56.) LONG 2
                STORE           00002FD4 0000300B 00000038 (         56.) LONG 2
                SLPROF          00002FD4 0000300B 00000038 (         56.) LONG 2
                SIPROF          00002FD4 0000300B 00000038 (         56.) LONG 2

CB08                            0000300C 0000304B 00000040 (         64.) LONG 2   PIC,USR,OVR,REL,GBL,  SHR,NOEXE,  RD,  WRT,NOVEC
                F               0000300C 0000304B 00000040 (         64.) LONG 2
                GETB            0000300C 0000304B 00000040 (         64.) LONG 2
                GPSIL0          0000300C 0000304B 00000040 (         64.) LONG 2
                GPSIL1          0000300C 0000304B 00000040 (         64.) LONG 2
                GETEP0          0000300C 0000304B 00000040 (         64.) LONG 2
                GETPHI          0000300C 0000304B 00000040 (         64.) LONG 2
                G               0000300C 0000304B 00000040 (         64.) LONG 2
                GETVI           0000300C 0000304B 00000040 (         64.) LONG 2
                GETEA           0000300C 0000304B 00000040 (         64.) LONG 2
                PANIC           0000300C 0000304B 00000040 (         64.) LONG 2
                RELOAD          0000300C 0000304B 00000040 (         64.) LONG 2

DISK$USERDISK1:[ELI0.ADB.CHEMFETS]CHEMFETS.EXE;8                17-MAY-1985 21:50        VAX-11 Linker V04-00             Page   13


Psect Name      Module Name       Base     End           Length            Align                 Attributes
----------      -----------       ----     ---           ------            -----                 ----------
CB08                            0000300C 0000304B 00000040 (         64.) LONG 2   PIC,USR,OVR,REL,GBL,  SHR,NOEXE,  RD,  WRT,NOVEC 
                STORE           0000300C 0000304B 00000040 (         64.) LONG 2
                SLPROF          0000300C 0000304B 00000040 (         64.) LONG 2
                ESURF0          0000300C 0000304B 00000040 (         64.) LONG 2
                ESURF1          0000300C 0000304B 00000040 (         64.) LONG 2
                SIPROF          0000300C 0000304B 00000040 (         64.) LONG 2
                SLEN1           0000300C 0000304B 00000040 (         64.) LONG 2
                SLEN0           0000300C 0000304B 00000040 (         64.) LONG 2
                SIENER          0000300C 0000304B 00000040 (         64.) LONG 2

CB09                            0000304C 000030EB 000000A0 (        160.) LONG 2   PIC,USR,OVR,REL,GBL,  SHR,NOEXE,  RD,  WRT,NOVEC
                PANIC           0000304C 000030EB 000000A0 (        160.) LONG 2

CB10                            000030EC 000091CF 000060E4 (      24804.) LONG 2   PIC,USR,OVR,REL,GBL,  SHR,NOEXE,  RD,  WRT,NOVEC
                AQPROF          000030EC 000091CF 000060E4 (      24804.) LONG 2
                SETUP           000030EC 000091CF 000060E4 (      24804.) LONG 2
                PANIC           000030EC 000091CF 000060E4 (      24804.) LONG 2
                DRPHAS          000030EC 000091CF 000060E4 (      24804.) LONG 2

CB11                            000091D0 0000F2C3 000060F4 (      24820.) LONG 2   PIC,USR,OVR,REL,GBL,  SHR,NOEXE,  RD,  WRT,NOVEC
                CLOSLP          000091D0 0000F2C3 000060F4 (      24820.) LONG 2
                GPSIL0          000091D0 0000F2C3 000060F4 (      24820.) LONG 2
                GPSIL1          000091D0 0000F2C3 000060F4 (      24820.) LONG 2
                SETUP           000091D0 0000F2C3 000060F4 (      24820.) LONG 2
                PANIC           000091D0 0000F2C3 000060F4 (      24820.) LONG 2
                DRPHAS          000091D0 0000F2C3 000060F4 (      24820.) LONG 2
                SLPROF          000091D0 0000F2C3 000060F4 (      24820.) LONG 2
                CKPLOT          000091D0 0000F2C3 000060F4 (      24820.) LONG 2

CB12                            0000F2C4 000153B7 000060F4 (      24820.) LONG 2   PIC,USR,OVR,REL,GBL,  SHR,NOEXE,  RD,  WRT,NOVEC
                CLOSLP          0000F2C4 000153B7 000060F4 (      24820.) LONG 2
                SETUP           0000F2C4 000153B7 000060F4 (      24820.) LONG 2
                PANIC           0000F2C4 000153B7 000060F4 (      24820.) LONG 2
                DRPHAS          0000F2C4 000153B7 000060F4 (      24820.) LONG 2
                SIPROF          0000F2C4 000153B7 000060F4 (      24820.) LONG 2
                CKPLOT          0000F2C4 000153B7 000060F4 (      24820.) LONG 2

CB13                            000153B8 00015427 00000070 (        112.) LONG 2   PIC,USR,OVR,REL,GBL,  SHR,NOEXE,  RD,  WRT,NOVEC
                GPSIL0          000153B8 00015427 00000070 (        112.) LONG 2
                GPSIL1          000153B8 00015427 00000070 (        112.) LONG 2
                AQPROF          000153B8 00015427 00000070 (        112.) LONG 2
                GVAQC8          000153B8 00015427 00000070 (        112.) LONG 2
                AQENER          000153B8 00015427 00000070 (        112.) LONG 2
                SETMTH          000153B8 00015427 00000070 (        112.) LONG 2
                PANIC           000153B8 00015427 00000070 (        112.) LONG 2
                SLPROF          000153B8 00015427 00000070 (        112.) LONG 2
                SIPROF          000153B8 00015427 00000070 (        112.) LONG 2
                SLEN1           000153B8 00015427 00000070 (        112.) LONG 2
                SLEN0           000153B8 00015427 00000070 (        112.) LONG 2

CB14                            00015428 0001542B 00000004 (          4.) LONG 2   PIC,USR,OVR,REL,GBL,  SHR,NOEXE,  RD,  WRT,NOVEC
                SQUONK          00015428 0001542B 00000004 (          4.) LONG 2

DISK$USERDISK1:[ELI0.ADB.CHEMFETS]CHEMFETS.EXE;8                17-MAY-1985 21:50        VAX-11 Linker V04-00             Page   14


Psect Name      Module Name       Base     End           Length            Align                 Attributes
----------      -----------       ----     ---           ------            -----                 ----------
CB14                            00015428 0001542B 00000004 (          4.) LONG 2   PIC,USR,OVR,REL,GBL,  SHR,NOEXE,  RD,  WRT,NOVEC 
                DOSUMS          00015428 0001542B 00000004 (          4.) LONG 2
                CLOSLP          00015428 0001542B 00000004 (          4.) LONG 2
                GETPHI          00015428 0001542B 00000004 (          4.) LONG 2
                PANIC           00015428 0001542B 00000004 (          4.) LONG 2
                CK              00015428 0001542B 00000004 (          4.) LONG 2

CB15                            0001542C 00015A73 00000648 (       1608.) LONG 2   PIC,USR,OVR,REL,GBL,  SHR,NOEXE,  RD,  WRT,NOVEC
                DOSUMS          0001542C 00015A73 00000648 (       1608.) LONG 2
                DOASUM          0001542C 00015A73 00000648 (       1608.) LONG 2
                CLOSLP          0001542C 00015A73 00000648 (       1608.) LONG 2
                UPDATE          0001542C 00015A73 00000648 (       1608.) LONG 2
                UPDATE          0001542C 00015A73 00000648 (       1608.) LONG 2
                SETUP           0001542C 00015A73 00000648 (       1608.) LONG 2
                PANIC           0001542C 00015A73 00000648 (       1608.) LONG 2
                CKPLOT          0001542C 00015A73 00000648 (       1608.) LONG 2
                SELECT          0001542C 00015A73 00000648 (       1608.) LONG 2

CB16                            00015A74 00015AEF 0000007C (        124.) LONG 2   PIC,USR,OVR,REL,GBL,  SHR,NOEXE,  RD,  WRT,NOVEC
                PANIC           00015A74 00015AEF 0000007C (        124.) LONG 2
                RELOAD          00015A74 00015AEF 0000007C (        124.) LONG 2
                STORE           00015A74 00015AEF 0000007C (        124.) LONG 2

CB17                            00015AF0 00015B17 00000028 (         40.) LONG 2   PIC,USR,OVR,REL,GBL,  SHR,NOEXE,  RD,  WRT,NOVEC
                DOASUM          00015AF0 00015B17 00000028 (         40.) LONG 2
                AQENER          00015AF0 00015B17 00000028 (         40.) LONG 2
                SETMTH          00015AF0 00015B17 00000028 (         40.) LONG 2
                PANIC           00015AF0 00015B17 00000028 (         40.) LONG 2
                ENERGY          00015AF0 00015B17 00000028 (         40.) LONG 2
                SLEN1           00015AF0 00015B17 00000028 (         40.) LONG 2
                SLEN0           00015AF0 00015B17 00000028 (         40.) LONG 2
                SIENER          00015AF0 00015B17 00000028 (         40.) LONG 2
                SELECT          00015AF0 00015B17 00000028 (         40.) LONG 2

CB18                            00015B18 00015B37 00000020 (         32.) LONG 2   PIC,USR,OVR,REL,GBL,  SHR,NOEXE,  RD,  WRT,NOVEC
                PANIC           00015B18 00015B37 00000020 (         32.) LONG 2

CB19                            00015B38 00015B57 00000020 (         32.) LONG 2   PIC,USR,OVR,REL,GBL,  SHR,NOEXE,  RD,  WRT,NOVEC
                PANIC           00015B38 00015B57 00000020 (         32.) LONG 2

CB20                            00015B58 00015B77 00000020 (         32.) LONG 2   PIC,USR,OVR,REL,GBL,  SHR,NOEXE,  RD,  WRT,NOVEC
                PANIC           00015B58 00015B77 00000020 (         32.) LONG 2

CB21                            00015B78 000161D7 00000660 (       1632.) LONG 2   PIC,USR,OVR,REL,GBL,  SHR,NOEXE,  RD,  WRT,NOVEC
                PANIC           00015B78 000161D7 00000660 (       1632.) LONG 2
                OUTARR          00015B78 000161D7 00000660 (       1632.) LONG 2
                DRPROF          00015B78 000161D7 00000660 (       1632.) LONG 2

CB22                            000161D8 00016227 00000050 (         80.) LONG 2   PIC,USR,OVR,REL,GBL,  SHR,NOEXE,  RD,  WRT,NOVEC
                GETLIM          000161D8 00016227 00000050 (         80.) LONG 2
                SETUP           000161D8 00016227 00000050 (         80.) LONG 2
                SETMTH          000161D8 00016227 00000050 (         80.) LONG 2

DISK$USERDISK1:[ELI0.ADB.CHEMFETS]CHEMFETS.EXE;8                17-MAY-1985 21:50        VAX-11 Linker V04-00             Page   15


Psect Name      Module Name       Base     End           Length            Align                 Attributes
----------      -----------       ----     ---           ------            -----                 ----------
CB22                            000161D8 00016227 00000050 (         80.) LONG 2   PIC,USR,OVR,REL,GBL,  SHR,NOEXE,  RD,  WRT,NOVEC 
                PANIC           000161D8 00016227 00000050 (         80.) LONG 2

CB23                            00016228 00016277 00000050 (         80.) LONG 2   PIC,USR,OVR,REL,GBL,  SHR,NOEXE,  RD,  WRT,NOVEC
                AQPROF          00016228 00016277 00000050 (         80.) LONG 2
                GETLIM          00016228 00016277 00000050 (         80.) LONG 2
                SETUP           00016228 00016277 00000050 (         80.) LONG 2
                SETMTH          00016228 00016277 00000050 (         80.) LONG 2
                PANIC           00016228 00016277 00000050 (         80.) LONG 2

CB24                            00016278 00016337 000000C0 (        192.) LONG 2   PIC,USR,OVR,REL,GBL,  SHR,NOEXE,  RD,  WRT,NOVEC
                PANIC           00016278 00016337 000000C0 (        192.) LONG 2
                RELOAD          00016278 00016337 000000C0 (        192.) LONG 2
                OUTINT          00016278 00016337 000000C0 (        192.) LONG 2
                EXCUR           00016278 00016337 000000C0 (        192.) LONG 2

CB25                            00016338 0001633B 00000004 (          4.) LONG 2   PIC,USR,OVR,REL,GBL,  SHR,NOEXE,  RD,  WRT,NOVEC
                CLOSLP          00016338 0001633B 00000004 (          4.) LONG 2
                UPDATE          00016338 0001633B 00000004 (          4.) LONG 2
                UPDATE          00016338 0001633B 00000004 (          4.) LONG 2
                PANIC           00016338 0001633B 00000004 (          4.) LONG 2

_FOR$DATA                       00016400 0001641B 0000001C (         28.) PAGE 9   PIC,USR,CON,REL,LCL,NOSHR,NOEXE,  RD,  WRT,NOVEC
                FOR$UNDERF      00016400 0001641B 0000001C (         28.) PAGE 9

_LIB$DATA                       0001641C 00016427 0000000C (         12.) BYTE 0   PIC,USR,CON,REL,LCL,NOSHR,NOEXE,  RD,  WRT,NOVEC
                LIB$INITIALIZE  0001641C 00016427 0000000C (         12.) BYTE 0

$CODE                           00016600 0001AEF2 000048F3 (      18675.) LONG 2   PIC,USR,CON,REL,LCL,  SHR,  EXE,  RD,NOWRT,NOVEC
                SQUONK          00016600 00016623 00000024 (         36.) LONG 2
                DOSUMS          00016624 00016662 0000003F (         63.) LONG 2
                DOASUM          00016664 000167C2 0000015F (        351.) LONG 2
                CLOSLP          000167C4 0001697F 000001BC (        444.) LONG 2
                CKACC           00016980 00016A06 00000087 (        135.) LONG 2
                ABSACC          00016A08 00016A4A 00000043 (         67.) LONG 2
                F               00016A4C 00016B6A 0000011F (        287.) LONG 2
                GETB            00016B6C 00016BE6 0000007B (        123.) LONG 2
                GPSIL0          00016BE8 00016CAF 000000C8 (        200.) LONG 2
                GPSIL1          00016CB0 00016E19 0000016A (        362.) LONG 2
                S               00016E1C 00016E42 00000027 (         39.) LONG 2
                GETEP0          00016E44 00016E81 0000003E (         62.) LONG 2
                GETPHI          00016E84 000170B1 0000022E (        558.) LONG 2
                G               000170B4 00017105 00000052 (         82.) LONG 2
                H               00017108 00017187 00000080 (        128.) LONG 2
                ADBEXP          00017188 000171DE 00000057 (         87.) LONG 2
                GETVI           000171E0 000172B1 000000D2 (        210.) LONG 2
                PROFIL          000172B4 000172CB 00000018 (         24.) LONG 2
                GETEA           000172CC 00017330 00000065 (        101.) LONG 2
                AQPROF          00017334 0001747F 0000014C (        332.) LONG 2
                GVAQC8          00017480 000174EF 00000070 (        112.) LONG 2
                AQENER          000174F0 0001753F 00000050 (         80.) LONG 2
                UPDATE          00017540 0001758C 0000004D (         77.) LONG 2

DISK$USERDISK1:[ELI0.ADB.CHEMFETS]CHEMFETS.EXE;8                17-MAY-1985 21:50        VAX-11 Linker V04-00             Page   16


Psect Name      Module Name       Base     End           Length            Align                 Attributes
----------      -----------       ----     ---           ------            -----                 ----------
$CODE                           00016600 0001AEF2 000048F3 (      18675.) LONG 2   PIC,USR,CON,REL,LCL,  SHR,  EXE,  RD,NOWRT,NOVEC 
                UPDATE          00017590 0001767A 000000EB (        235.) LONG 2
                SCAN            0001767C 0001778A 0000010F (        271.) LONG 2
                SETPHY          0001778C 000177E9 0000005E (         94.) LONG 2
                SETPAR          000177EC 0001783B 00000050 (         80.) LONG 2
                GETLIM          0001783C 00017B26 000002EB (        747.) LONG 2
                SETUP           00017B28 00017BF8 000000D1 (        209.) LONG 2
                SETGRA          00017BFC 00017C71 00000076 (        118.) LONG 2
                GETX            00017C74 00017CAC 00000039 (         57.) LONG 2
                SETMTH          00017CB0 000180E4 00000435 (       1077.) LONG 2
                PANIC           000180E8 000196D2 000015EB (       5611.) LONG 2
                CK              000196D4 00019772 0000009F (        159.) LONG 2
                ENERGY          00019774 0001986E 000000FB (        251.) LONG 2
                RELOAD          00019870 000198F4 00000085 (        133.) LONG 2
                STORE           000198F8 0001994E 00000057 (         87.) LONG 2
                OUTPUT          00019950 00019985 00000036 (         54.) LONG 2
                GLIM2           00019988 00019A24 0000009D (        157.) LONG 2
                OUTINT          00019A28 00019D77 00000350 (        848.) LONG 2
                DRKEY           00019D78 00019E61 000000EA (        234.) LONG 2
                EXCUR           00019E64 00019F31 000000CE (        206.) LONG 2
                DRPHAS          00019F34 00019F6C 00000039 (         57.) LONG 2
                OUTARR          00019F70 0001A0EF 00000180 (        384.) LONG 2
                DRPROF          0001A0F0 0001A15B 0000006C (        108.) LONG 2
                SLPROF          0001A15C 0001A31A 000001BF (        447.) LONG 2
                ESURF0          0001A31C 0001A391 00000076 (        118.) LONG 2
                ESURF1          0001A394 0001A41B 00000088 (        136.) LONG 2
                SIPROF          0001A41C 0001A57A 0000015F (        351.) LONG 2
                CKPLOT          0001A57C 0001A673 000000F8 (        248.) LONG 2
                SLEN1           0001A674 0001A734 000000C1 (        193.) LONG 2
                SLEN0           0001A738 0001A87F 00000148 (        328.) LONG 2
                SINGUL          0001A880 0001A910 00000091 (        145.) LONG 2
                SIENER          0001A914 0001A95D 0000004A (         74.) LONG 2
                SELECT          0001A960 0001A962 00000003 (          3.) LONG 2
                SETDCS          0001A964 0001A988 00000025 (         37.) LONG 2
                SETBTA          0001A98C 0001A9B7 0000002C (         44.) LONG 2
                SETNA           0001A9B8 0001A9E3 0000002C (         44.) LONG 2
                SETND           0001A9E4 0001AA08 00000025 (         37.) LONG 2
                SETC0           0001AA0C 0001AAC1 000000B6 (        182.) LONG 2
                SETALO          0001AAC4 0001AAEF 0000002C (         44.) LONG 2
                SETSIO          0001AAF0 0001AB1B 0000002C (         44.) LONG 2
                SETD            0001AB1C 0001AC27 0000010C (        268.) LONG 2
                SETVB           0001AC28 0001ACED 000000C6 (        198.) LONG 2
                SETCM0          0001ACF0 0001AED6 000001E7 (        487.) LONG 2
                DASHP           0001AED8 0001AEF2 0000001B (         27.) LONG 2

_FOR$CODE                       0001AEF4 0001AFDA 000000E7 (        231.) LONG 2   PIC,USR,CON,REL,LCL,  SHR,  EXE,  RD,NOWRT,NOVEC
                FOR$INIUND      0001AEF4 0001AF11 0000001E (         30.) LONG 2
                FOR$UNDERF      0001AF14 0001AFDA 000000C7 (        199.) LONG 2

_LIB$CODE                       0001AFDC 0001B7A1 000007C6 (       1990.) LONG 2   PIC,USR,CON,REL,LCL,  SHR,  EXE,  RD,NOWRT,NOVEC
                LIB$SIM_TRAP    0001AFDC 0001B7A1 000007C6 (       1990.) LONG 2


DISK$USERDISK1:[ELI0.ADB.CHEMFETS]CHEMFETS.EXE;8                17-MAY-1985 21:50        VAX-11 Linker V04-00             Page   17


Psect Name      Module Name       Base     End           Length            Align                 Attributes
----------      -----------       ----     ---           ------            -----                 ----------
_LIB$CODE_NOSHR                 0001B7A2 0001B7FF 0000005E (         94.) BYTE 0   PIC,USR,CON,REL,LCL,  SHR,  EXE,  RD,NOWRT,NOVEC
                LIB$INITIALIZE  0001B7A2 0001B7FF 0000005E (         94.) BYTE 0

DISK$USERDISK1:[ELI0.ADB.CHEMFETS]CHEMFETS.EXE;8                17-MAY-1985 21:50        VAX-11 Linker V04-00             Page   18

                                                +-----------------+
                                                ! Symbols By Name !
                                                +-----------------+

Symbol                          Value       Symbol                          Value       Symbol                          Value       
------                          -----       ------                          -----       ------                          -----       
ABSACC                          00016A08-R  LINE                            00000000-*  SINGUL                          0001A880-R 
ADBEXP                          00017188-R  MTH$GATAN                       0001B88C-RX SIPROF                          0001A41C-R 
AQENER                          000174F0-R  MTH$GATAN_R7                    0001B888-RX SLEN0                           0001A738-R 
AQPROF                          00017334-R  MTH$GCOS                        0001B8B8-RX SLEN1                           0001A674-R 
AXIS                            00000000-*  MTH$GEXP                        0001B894-RX SLPROF                          0001A15C-R 
CK                              000196D4-R  MTH$GEXP_R6                     0001B890-RX SQUONK                          00016600-R 
CKACC                           00016980-R  MTH$GINT                        0001B89C-RX STORE                           000198F8-R 
CKPLOT                          0001A57C-R  MTH$GINT_R4                     0001B898-RX SYMBOL                          00000000-* 
CLOSLP                          000167C4-R  MTH$GLOG                        0001B8A4-RX SYS$CALL_HANDL                  80000010   
DASHP                           0001AED8-R  MTH$GLOG_R8                     0001B8A0-RX SYS$DCLEXH                      7FFEDEF0   
DOASUM                          00016664-R  MTH$GMOD                        0001B8A8-RX SYS$IMGSTA                      7FFEDF68   
DOSUMS                          00016624-R  MTH$GSIGN                       0001B8AC-RX SYS$SETAST                      7FFEDFF8   
DRKEY                           00019D78-R  MTH$GSIN                        0001B8B4-RX SYS$SRCHANDLER                  7FFEE118   
DRPHAS                          00019F34-R  MTH$GSINCOS_R7                  0001B8B0-RX SYS$UNWIND                      7FFEE070   
DRPROF                          0001A0F0-R  MTH$GSINH                       0001B8BC-RX UPDATE                          00017540-R 
ENERGY                          00019774-R  MTH$GSQRT                       0001B8C4-RX 
ESURF0                          0001A31C-R  MTH$GSQRT_R5                    0001B8C0-RX 
ESURF1                          0001A394-R  MTH$GTAN                        0001B8CC-RX 
EXCUR                           00019E64-R  MTH$GTANH                       0001B8D0-RX 
F                               00016A4C-R  MTH$GTAN_R7                     0001B8C8-RX 
FOR$INIT_UNDER                  0001AEF4-R  NUMBER                          00000000-*  
FOR$INI_DES1_R2                 0001B868-RX OUTARR                          00019F70-R  
FOR$INI_DES2_R3                 0001B864-RX OUTINT                          00019A28-R  
FOR$IO_END                      0001B85C-RX OUTPUT                          00019950-R  
FOR$IO_G_R                      0001B854-RX PANIC                           000180E8-R  
FOR$IO_G_V                      0001B850-RX PLOT                            00000000-*  
FOR$IO_L_R                      0001B84C-RX PLOTS                           00000000-*  
FOR$IO_L_V                      0001B848-RX PROFIL                          000172B4-R  
FOR$IO_T_DS                     0001B858-RX RELOAD                          00019870-R  
FOR$STOP                        0001B86C-RX S                               00016E1C-R  
FOR$UNDERFLOW_HANDLER           0001AF14-R  SCALE                           00000000-*  
FOR$WRITE_SF                    0001B860-RX SCAN                            0001767C-R  
G                               000170B4-R  SELECT                          0001A960-R  
GETB                            00016B6C-R  SETALO                          0001AAC4-R  
GETEA                           000172CC-R  SETBTA                          0001A98C-R  
GETEP0                          00016E44-R  SETC0                           0001AA0C-R  
GETLIM                          0001783C-R  SETCM0                          0001ACF0-R  
GETPHI                          00016E84-R  SETD                            0001AB1C-R  
GETVI                           000171E0-R  SETDCS                          0001A964-R  
GETX                            00017C74-R  SETGRA                          00017BFC-R  
GLIM2                           00019988-R  SETMTH                          00017CB0-R  
GPSIL0                          00016BE8-R  SETNA                           0001A9B8-R  
GPSIL1                          00016CB0-R  SETND                           0001A9E4-R  
GVAQC8                          00017480-R  SETPAR                          000177EC-R  
H                               00017108-R  SETPHY                          0001778C-R  
LIB$INITIALIZE                  0001B7A2-R  SETSIO                          0001AAF0-R  
LIB$SIGNAL                      0001B87C-RX SETUP                           00017B28-R  
LIB$SIM_TRAP                    0001AFDC-R  SETVB                           0001AC28-R  
LIB$STOP                        0001B878-RX SIENER                          0001A914-R  

DISK$USERDISK1:[ELI0.ADB.CHEMFETS]CHEMFETS.EXE;8                17-MAY-1985 21:50        VAX-11 Linker V04-00             Page   19

                                                +------------------+
                                                ! Symbols By Value !
                                                +------------------+

Value                                   Symbols...
-----                                   ----------
00016600     R-SQUONK               
00016624     R-DOSUMS               
00016664     R-DOASUM               
000167C4     R-CLOSLP               
00016980     R-CKACC                
00016A08     R-ABSACC               
00016A4C     R-F                    
00016B6C     R-GETB                 
00016BE8     R-GPSIL0               
00016CB0     R-GPSIL1               
00016E1C     R-S                    
00016E44     R-GETEP0               
00016E84     R-GETPHI               
000170B4     R-G                    
00017108     R-H                    
00017188     R-ADBEXP               
000171E0     R-GETVI                
000172B4     R-PROFIL               
000172CC     R-GETEA                
00017334     R-AQPROF               
00017480     R-GVAQC8               
000174F0     R-AQENER               
00017540     R-UPDATE               
0001767C     R-SCAN                 
0001778C     R-SETPHY               
000177EC     R-SETPAR               
0001783C     R-GETLIM               
00017B28     R-SETUP                
00017BFC     R-SETGRA               
00017C74     R-GETX                 
00017CB0     R-SETMTH               
000180E8     R-PANIC                
000196D4     R-CK                   
00019774     R-ENERGY               
00019870     R-RELOAD               
000198F8     R-STORE                
00019950     R-OUTPUT               
00019988     R-GLIM2                
00019A28     R-OUTINT               
00019D78     R-DRKEY                
00019E64     R-EXCUR                
00019F34     R-DRPHAS               
00019F70     R-OUTARR               
0001A0F0     R-DRPROF               
0001A15C     R-SLPROF               
0001A31C     R-ESURF0               
0001A394     R-ESURF1               
0001A41C     R-SIPROF               
0001A57C     R-CKPLOT               

DISK$USERDISK1:[ELI0.ADB.CHEMFETS]CHEMFETS.EXE;8                17-MAY-1985 21:50        VAX-11 Linker V04-00             Page   20


Value                                   Symbols...
-----                                   ----------
0001A674     R-SLEN1                
0001A738     R-SLEN0                
0001A880     R-SINGUL               
0001A914     R-SIENER               
0001A960     R-SELECT               
0001A964     R-SETDCS               
0001A98C     R-SETBTA               
0001A9B8     R-SETNA                
0001A9E4     R-SETND                
0001AA0C     R-SETC0                
0001AAC4     R-SETALO               
0001AAF0     R-SETSIO               
0001AB1C     R-SETD                 
0001AC28     R-SETVB                
0001ACF0     R-SETCM0               
0001AED8     R-DASHP                
0001AEF4     R-FOR$INIT_UNDER       
0001AF14     R-FOR$UNDERFLOW_HANDLER
0001AFDC     R-LIB$SIM_TRAP         
0001B7A2     R-LIB$INITIALIZE       
0001B848    RX-FOR$IO_L_V           
0001B84C    RX-FOR$IO_L_R           
0001B850    RX-FOR$IO_G_V           
0001B854    RX-FOR$IO_G_R           
0001B858    RX-FOR$IO_T_DS          
0001B85C    RX-FOR$IO_END           
0001B860    RX-FOR$WRITE_SF         
0001B864    RX-FOR$INI_DES2_R3      
0001B868    RX-FOR$INI_DES1_R2      
0001B86C    RX-FOR$STOP             
0001B878    RX-LIB$STOP             
0001B87C    RX-LIB$SIGNAL           
0001B888    RX-MTH$GATAN_R7         
0001B88C    RX-MTH$GATAN            
0001B890    RX-MTH$GEXP_R6          
0001B894    RX-MTH$GEXP             
0001B898    RX-MTH$GINT_R4          
0001B89C    RX-MTH$GINT             
0001B8A0    RX-MTH$GLOG_R8          
0001B8A4    RX-MTH$GLOG             
0001B8A8    RX-MTH$GMOD             
0001B8AC    RX-MTH$GSIGN            
0001B8B0    RX-MTH$GSINCOS_R7       
0001B8B4    RX-MTH$GSIN             
0001B8B8    RX-MTH$GCOS             
0001B8BC    RX-MTH$GSINH            
0001B8C0    RX-MTH$GSQRT_R5         
0001B8C4    RX-MTH$GSQRT            
0001B8C8    RX-MTH$GTAN_R7          
0001B8CC    RX-MTH$GTAN             
0001B8D0    RX-MTH$GTANH            
7FFEDEF0       SYS$DCLEXH           

DISK$USERDISK1:[ELI0.ADB.CHEMFETS]CHEMFETS.EXE;8                17-MAY-1985 21:50        VAX-11 Linker V04-00             Page   21


Value                                   Symbols...
-----                                   ----------
7FFEDF68       SYS$IMGSTA           
7FFEDFF8       SYS$SETAST           
7FFEE070       SYS$UNWIND           
7FFEE118       SYS$SRCHANDLER       
80000010       SYS$CALL_HANDL       



	  Key for special characters above:
		+------------------+
		! *  - Undefined   !
		! U  - Universal   !
		! R  - Relocatable !
		! X  - External    !
		+------------------+

DISK$USERDISK1:[ELI0.ADB.CHEMFETS]CHEMFETS.EXE;8                17-MAY-1985 21:50        VAX-11 Linker V04-00             Page   22

                                                 +----------------+
                                                 ! Image Synopsis !
                                                 +----------------+

Virtual memory allocated:                         00000200 0001B9FF 0001B800 (112640. bytes, 220. pages)
Stack size:                                             20. pages
Image header virtual block limits:                       1.        1. (    1. block)
Image binary virtual block limits:                       2.       72. (   71. blocks)
Image name and identification:                    CHEMFETS 01
Number of files:                                         7.
Number of modules:                                      74.
Number of program sections:                             43.
Number of global symbols:                              826.
Including undefined count of:                            7.
Number of image sections:                               16.
User transfer address:                            00016600
Debugger transfer address:                        7FFEDF68
Number of code references to shareable images:          31.
OTS transfer address - LIB$INITIALIZE:            0001B7A2
Image type:                                       EXECUTABLE.
Map format:                                       FULL in file DISK$USERDISK1:[ELI0.ADB.CHEMFETS]DASHP.MAP;1
Estimated map length:                             213. blocks
                                              +---------------------+
                                              ! Link Run Statistics !
                                              +---------------------+

Performance Indicators                            Page Faults	CPU Time	Elapsed Time
----------------------                            -----------	--------	------------
    Command processing:                                    67	00:00:00.38	00:00:00.92
    Pass 1:                                               373	00:00:04.43	00:00:08.33
    Allocation/Relocation:                                 53	00:00:00.37	00:00:00.59
    Pass 2:                                               619	00:00:06.03	00:00:17.58
    Map data after object module synopsis:                104	00:00:03.36	00:00:06.59
    Symbol table output:                                    7	00:00:00.02	00:00:00.19
Total run values:                                        1223	00:00:14.59	00:00:34.20

Using a working set limited to 500 pages and 772 pages of data storage (excluding image)

Total number object records read (both passes):   1455
    of which 79 were in libraries and 199 were DEBUG data records containing 4834 bytes
4343 bytes of DEBUG data were written,starting at VBN 73 with 9 blocks allocated

Number of modules extracted explicitly             = 0
    with 5 extracted to resolve undefined symbols

7 library searches were for symbols not in the library searched

A total of 0 global symbol table records was written

LINK CHEMFETS,DASHP/MAP/FULL
